<?xml version="1.0" encoding="utf-8"?><testsuites><testsuite name="pytest" errors="0" failures="0" skipped="1" tests="68" time="1.917" timestamp="2025-10-17T00:46:06.097976+00:00" hostname="30cdafa56e9f"><testcase classname="services.common.surfaces.tests.test_contract_suite.TestSurfaceAdapterContractTester" name="test_audio_source_contract_success" time="0.001"><skipped type="pytest.skip" message="async def function and no async plugin installed (see warnings)">/usr/local/lib/python3.11/site-packages/_pytest/python.py:149: async def function and no async plugin installed (see warnings)</skipped></testcase><testcase classname="services.common.surfaces.tests.test_contract_suite.TestSurfaceAdapterContractTester" name="test_audio_sink_contract_success" time="0.007" /><testcase classname="services.common.surfaces.tests.test_contract_suite.TestSurfaceAdapterContractTester" name="test_control_channel_contract_success" time="0.004" /><testcase classname="services.common.surfaces.tests.test_contract_suite.TestSurfaceAdapterContractTester" name="test_surface_lifecycle_contract_success" time="0.003" /><testcase classname="services.common.surfaces.tests.test_contract_suite.TestSurfaceAdapterContractTester" name="test_audio_source_contract_failure" time="0.003" /><testcase classname="services.common.surfaces.tests.test_contract_suite.TestSurfaceAdapterContractTester" name="test_comprehensive_tests" time="0.005" /><testcase classname="services.common.surfaces.tests.test_contract_suite.TestSurfaceAdapterContractTester" name="test_comprehensive_tests_mixed_results" time="0.006" /><testcase classname="services.common.surfaces.tests.test_contract_suite.TestSurfaceAdapterContractTester" name="test_unknown_adapter_type" time="0.001" /><testcase classname="services.common.surfaces.tests.test_contract_suite.TestSurfaceAdapterContractTester" name="test_telemetry_validation" time="0.003" /><testcase classname="services.common.surfaces.tests.test_contract_suite.TestSurfaceAdapterContractTester" name="test_event_timeout_handling" time="0.003" /><testcase classname="services.discord.tests.test_discord_control.TestDiscordControlChannel" name="test_discord_control_channel_creation" time="0.001" /><testcase classname="services.discord.tests.test_discord_control.TestDiscordControlChannel" name="test_discord_control_channel_creation_with_user" time="0.000" /><testcase classname="services.discord.tests.test_discord_control.TestDiscordControlChannel" name="test_get_surface_id" time="0.000" /><testcase classname="services.discord.tests.test_discord_control.TestDiscordControlChannel" name="test_get_voice_state_initial" time="0.000" /><testcase classname="services.discord.tests.test_discord_control.TestDiscordControlChannel" name="test_update_voice_state" time="0.001" /><testcase classname="services.discord.tests.test_discord_control.TestDiscordControlChannel" name="test_update_speaking_state" time="0.000" /><testcase classname="services.discord.tests.test_discord_control.TestDiscordControlChannel" name="test_update_deaf_state" time="0.000" /><testcase classname="services.discord.tests.test_discord_control.TestDiscordControlChannel" name="test_update_mute_state" time="0.000" /><testcase classname="services.discord.tests.test_discord_control.TestDiscordControlChannel" name="test_register_event_handler" time="0.000" /><testcase classname="services.discord.tests.test_discord_control.TestDiscordControlChannel" name="test_unregister_event_handler" time="0.000" /><testcase classname="services.discord.tests.test_discord_control.TestDiscordControlChannel" name="test_unregister_event_handler_not_registered" time="0.000" /><testcase classname="services.discord.tests.test_discord_control.TestDiscordControlChannel" name="test_get_connection_stats" time="0.001" /><testcase classname="services.discord.tests.test_discord_control.TestDiscordControlChannel" name="test_get_telemetry" time="0.000" /><testcase classname="services.discord.tests.test_discord_control.TestDiscordControlChannel" name="test_update_policy" time="0.001" /><testcase classname="services.discord.tests.test_discord_control.TestDiscordControlChannel" name="test_repr" time="0.000" /><testcase classname="services.discord.tests.test_discord_lifecycle.TestDiscordSurfaceLifecycle" name="test_initialization" time="0.000" /><testcase classname="services.discord.tests.test_discord_lifecycle.TestDiscordSurfaceLifecycle" name="test_get_connection_info" time="0.000" /><testcase classname="services.discord.tests.test_discord_lifecycle.TestDiscordSurfaceLifecycle" name="test_get_surface_config" time="0.000" /><testcase classname="services.discord.tests.test_discord_sink.TestDiscordAudioSink" name="test_discord_audio_sink_creation" time="0.000" /><testcase classname="services.discord.tests.test_discord_sink.TestDiscordAudioSink" name="test_discord_audio_sink_creation_with_media_gateway" time="0.000" /><testcase classname="services.discord.tests.test_discord_sink.TestDiscordAudioSink" name="test_get_surface_id" time="0.000" /><testcase classname="services.discord.tests.test_discord_sink.TestDiscordAudioSink" name="test_get_guild_id" time="0.000" /><testcase classname="services.discord.tests.test_discord_sink.TestDiscordAudioSink" name="test_get_channel_id" time="0.000" /><testcase classname="services.discord.tests.test_discord_sink.TestDiscordAudioSink" name="test_is_playing_initial" time="0.000" /><testcase classname="services.discord.tests.test_discord_sink.TestDiscordAudioSink" name="test_get_current_audio_url_initial" time="0.000" /><testcase classname="services.discord.tests.test_discord_sink.TestDiscordAudioSink" name="test_set_current_audio_url" time="0.000" /><testcase classname="services.discord.tests.test_discord_sink.TestDiscordAudioSink" name="test_register_playback_handler" time="0.000" /><testcase classname="services.discord.tests.test_discord_sink.TestDiscordAudioSink" name="test_unregister_playback_handler" time="0.000" /><testcase classname="services.discord.tests.test_discord_sink.TestDiscordAudioSink" name="test_unregister_playback_handler_not_registered" time="0.000" /><testcase classname="services.discord.tests.test_discord_sink.TestDiscordAudioSink" name="test_set_media_gateway" time="0.000" /><testcase classname="services.discord.tests.test_discord_sink.TestDiscordAudioSink" name="test_get_media_gateway" time="0.000" /><testcase classname="services.discord.tests.test_discord_sink.TestDiscordAudioSink" name="test_get_playback_stats" time="0.000" /><testcase classname="services.discord.tests.test_discord_sink.TestDiscordAudioSink" name="test_get_telemetry" time="0.000" /><testcase classname="services.discord.tests.test_discord_sink.TestDiscordAudioSink" name="test_update_policy" time="0.000" /><testcase classname="services.discord.tests.test_discord_sink.TestDiscordAudioSink" name="test_repr" time="0.000" /><testcase classname="services.discord.tests.test_discord_sink.TestDiscordAudioSink" name="test_playback_stats_after_playback" time="0.000" /><testcase classname="services.discord.tests.test_discord_source.TestDiscordAudioSource" name="test_discord_audio_source_creation" time="0.000" /><testcase classname="services.discord.tests.test_discord_source.TestDiscordAudioSource" name="test_discord_audio_source_creation_with_user" time="0.000" /><testcase classname="services.discord.tests.test_discord_source.TestDiscordAudioSource" name="test_discord_audio_source_creation_with_media_gateway" time="0.000" /><testcase classname="services.discord.tests.test_discord_source.TestDiscordAudioSource" name="test_get_metadata" time="0.000" /><testcase classname="services.discord.tests.test_discord_source.TestDiscordAudioSource" name="test_get_surface_id" time="0.000" /><testcase classname="services.discord.tests.test_discord_source.TestDiscordAudioSource" name="test_get_guild_id" time="0.000" /><testcase classname="services.discord.tests.test_discord_source.TestDiscordAudioSource" name="test_get_channel_id" time="0.000" /><testcase classname="services.discord.tests.test_discord_source.TestDiscordAudioSource" name="test_get_user_id" time="0.000" /><testcase classname="services.discord.tests.test_discord_source.TestDiscordAudioSource" name="test_get_user_id_none" time="0.000" /><testcase classname="services.discord.tests.test_discord_source.TestDiscordAudioSource" name="test_is_capturing_initial" time="0.000" /><testcase classname="services.discord.tests.test_discord_source.TestDiscordAudioSource" name="test_get_buffer_size_initial" time="0.000" /><testcase classname="services.discord.tests.test_discord_source.TestDiscordAudioSource" name="test_clear_buffer" time="0.001" /><testcase classname="services.discord.tests.test_discord_source.TestDiscordAudioSource" name="test_register_frame_handler" time="0.000" /><testcase classname="services.discord.tests.test_discord_source.TestDiscordAudioSource" name="test_unregister_frame_handler" time="0.001" /><testcase classname="services.discord.tests.test_discord_source.TestDiscordAudioSource" name="test_unregister_frame_handler_not_registered" time="0.000" /><testcase classname="services.discord.tests.test_discord_source.TestDiscordAudioSource" name="test_set_media_gateway" time="0.000" /><testcase classname="services.discord.tests.test_discord_source.TestDiscordAudioSource" name="test_get_media_gateway" time="0.000" /><testcase classname="services.discord.tests.test_discord_source.TestDiscordAudioSource" name="test_get_capture_stats" time="0.000" /><testcase classname="services.discord.tests.test_discord_source.TestDiscordAudioSource" name="test_get_telemetry" time="0.000" /><testcase classname="services.discord.tests.test_discord_source.TestDiscordAudioSource" name="test_update_policy" time="0.000" /><testcase classname="services.discord.tests.test_discord_source.TestDiscordAudioSource" name="test_repr" time="0.000" /><testcase classname="services.discord.tests.test_discord_source.TestDiscordAudioSource" name="test_capture_stats_after_frames" time="0.000" /></testsuite></testsuites>